###############################################################################
#
# IAR ELF Linker V7.80.2.11947/W32 for ARM                22/Nov/2018  01:00:47
# Copyright 2007-2016 IAR Systems AB.
#
#    Output file  =  
#        C:\Users\KOKUBO\Documents\STM32\Logging_Tach\EWARM\Logging_Tach\Exe\Logging_Tach.out
#    Map file     =  
#        C:\Users\KOKUBO\Documents\STM32\Logging_Tach\EWARM\Logging_Tach\List\Logging_Tach.map
#    Command line =  
#        C:\Users\KOKUBO\Documents\STM32\Logging_Tach\EWARM\Logging_Tach\Obj\main.o
#        C:\Users\KOKUBO\Documents\STM32\Logging_Tach\EWARM\Logging_Tach\Obj\startup_stm32f446xx.o
#        C:\Users\KOKUBO\Documents\STM32\Logging_Tach\EWARM\Logging_Tach\Obj\stm32f4xx_it.o
#        C:\Users\KOKUBO\Documents\STM32\Logging_Tach\EWARM\Logging_Tach\Obj\stm32f4xx_ll_dma.o
#        C:\Users\KOKUBO\Documents\STM32\Logging_Tach\EWARM\Logging_Tach\Obj\stm32f4xx_ll_exti.o
#        C:\Users\KOKUBO\Documents\STM32\Logging_Tach\EWARM\Logging_Tach\Obj\stm32f4xx_ll_gpio.o
#        C:\Users\KOKUBO\Documents\STM32\Logging_Tach\EWARM\Logging_Tach\Obj\stm32f4xx_ll_rcc.o
#        C:\Users\KOKUBO\Documents\STM32\Logging_Tach\EWARM\Logging_Tach\Obj\stm32f4xx_ll_tim.o
#        C:\Users\KOKUBO\Documents\STM32\Logging_Tach\EWARM\Logging_Tach\Obj\stm32f4xx_ll_usart.o
#        C:\Users\KOKUBO\Documents\STM32\Logging_Tach\EWARM\Logging_Tach\Obj\stm32f4xx_ll_utils.o
#        C:\Users\KOKUBO\Documents\STM32\Logging_Tach\EWARM\Logging_Tach\Obj\system_stm32f4xx.o
#        --redirect _Printf=_PrintfFull --redirect _Scanf=_ScanfFull -o
#        C:\Users\KOKUBO\Documents\STM32\Logging_Tach\EWARM\Logging_Tach\Exe\Logging_Tach.out
#        --map
#        C:\Users\KOKUBO\Documents\STM32\Logging_Tach\EWARM\Logging_Tach\List\Logging_Tach.map
#        --config
#        C:\Users\KOKUBO\Documents\STM32\Logging_Tach\EWARM/stm32f446xx_flash.icf
#        --semihosting --entry __iar_program_start --vfe
#
###############################################################################

*******************************************************************************
*** RUNTIME MODEL ATTRIBUTES
***

CppFlavor       = *
__SystemLibrary = DLib


*******************************************************************************
*** PLACEMENT SUMMARY
***

"A0":  place at 0x08000000 { ro section .intvec };
"P1":  place in [from 0x08000000 to 0x0807ffff] { ro };
"P2":  place in [from 0x20000000 to 0x2001ffff] { rw, block CSTACK, block HEAP };
initialize by copy { rw };

  Section            Kind        Address   Size  Object
  -------            ----        -------   ----  ------
"A0":                                     0x1c4
  .intvec            ro code  0x08000000  0x1c4  startup_stm32f446xx.o [1]
                            - 0x080001c4  0x1c4

"P1":                                     0xc46
  .text              ro code  0x080001c4  0x47e  main.o [1]
  .text              ro code  0x08000644   0xea  stm32f4xx_ll_gpio.o [1]
  .text              ro code  0x08000730  0x104  stm32f4xx_ll_usart.o [1]
  .text              ro code  0x08000834   0xc4  stm32f4xx_ll_tim.o [1]
  .text              ro code  0x080008f8   0x28  stm32f4xx_ll_utils.o [1]
  .text              ro code  0x08000920   0xa8  stm32f4xx_ll_exti.o [1]
  .text              ro code  0x080009c8   0xc8  stm32f4xx_ll_rcc.o [1]
  .text              ro code  0x08000a90   0xd0  stm32f4xx_it.o [1]
  .text              ro code  0x08000b60   0x60  system_stm32f4xx.o [1]
  .text              ro code  0x08000bc0   0x38  packbits_init_single.o [5]
  .text              ro code  0x08000bf8   0x28  data_init.o [5]
  .text              ro code  0x08000c20   0x22  fpinit_M.o [4]
  .iar.init_table    const    0x08000c44   0x10  - Linker created -
  .text              ro code  0x08000c54   0x1a  cmain.o [5]
  .text              ro code  0x08000c6e    0x4  low_level_init.o [3]
  .text              ro code  0x08000c72    0x4  exit.o [3]
  .text              ro code  0x08000c78    0xa  cexit.o [5]
  .text              ro code  0x08000c84   0x14  exit.o [6]
  .text              ro code  0x08000c98   0x10  startup_stm32f446xx.o [1]
  .text              ro code  0x08000ca8    0xc  cstartup_M.o [5]
  .rodata            const    0x08000cb4    0x8  system_stm32f4xx.o [1]
  .text              ro code  0x08000cbc    0x4  startup_stm32f446xx.o [1]
  .text              ro code  0x08000cc0    0x4  startup_stm32f446xx.o [1]
  .text              ro code  0x08000cc4    0x4  startup_stm32f446xx.o [1]
  .text              ro code  0x08000cc8    0x4  startup_stm32f446xx.o [1]
  .text              ro code  0x08000ccc    0x4  startup_stm32f446xx.o [1]
  .text              ro code  0x08000cd0    0x4  startup_stm32f446xx.o [1]
  .text              ro code  0x08000cd4    0x4  startup_stm32f446xx.o [1]
  .text              ro code  0x08000cd8    0x4  startup_stm32f446xx.o [1]
  .text              ro code  0x08000cdc    0x4  startup_stm32f446xx.o [1]
  .text              ro code  0x08000ce0    0x4  startup_stm32f446xx.o [1]
  .text              ro code  0x08000ce4    0x4  startup_stm32f446xx.o [1]
  .text              ro code  0x08000ce8    0x4  startup_stm32f446xx.o [1]
  .text              ro code  0x08000cec    0x4  startup_stm32f446xx.o [1]
  .text              ro code  0x08000cf0    0x4  startup_stm32f446xx.o [1]
  .text              ro code  0x08000cf4    0x4  startup_stm32f446xx.o [1]
  .text              ro code  0x08000cf8    0x4  startup_stm32f446xx.o [1]
  .text              ro code  0x08000cfc    0x4  startup_stm32f446xx.o [1]
  .text              ro code  0x08000d00    0x4  startup_stm32f446xx.o [1]
  .text              ro code  0x08000d04    0x4  startup_stm32f446xx.o [1]
  .text              ro code  0x08000d08    0x4  startup_stm32f446xx.o [1]
  .text              ro code  0x08000d0c    0x4  startup_stm32f446xx.o [1]
  .text              ro code  0x08000d10    0x4  startup_stm32f446xx.o [1]
  .text              ro code  0x08000d14    0x4  startup_stm32f446xx.o [1]
  .text              ro code  0x08000d18    0x4  startup_stm32f446xx.o [1]
  .text              ro code  0x08000d1c    0x4  startup_stm32f446xx.o [1]
  .text              ro code  0x08000d20    0x4  startup_stm32f446xx.o [1]
  .text              ro code  0x08000d24    0x4  startup_stm32f446xx.o [1]
  .text              ro code  0x08000d28    0x4  startup_stm32f446xx.o [1]
  .text              ro code  0x08000d2c    0x4  startup_stm32f446xx.o [1]
  .text              ro code  0x08000d30    0x4  startup_stm32f446xx.o [1]
  .text              ro code  0x08000d34    0x4  startup_stm32f446xx.o [1]
  .text              ro code  0x08000d38    0x4  startup_stm32f446xx.o [1]
  .text              ro code  0x08000d3c    0x4  startup_stm32f446xx.o [1]
  .text              ro code  0x08000d40    0x4  startup_stm32f446xx.o [1]
  .text              ro code  0x08000d44    0x4  startup_stm32f446xx.o [1]
  .text              ro code  0x08000d48    0x4  startup_stm32f446xx.o [1]
  .text              ro code  0x08000d4c    0x4  startup_stm32f446xx.o [1]
  .text              ro code  0x08000d50    0x4  startup_stm32f446xx.o [1]
  .text              ro code  0x08000d54    0x4  startup_stm32f446xx.o [1]
  .text              ro code  0x08000d58    0x4  startup_stm32f446xx.o [1]
  .text              ro code  0x08000d5c    0x4  startup_stm32f446xx.o [1]
  .text              ro code  0x08000d60    0x4  startup_stm32f446xx.o [1]
  .text              ro code  0x08000d64    0x4  startup_stm32f446xx.o [1]
  .text              ro code  0x08000d68    0x4  startup_stm32f446xx.o [1]
  .text              ro code  0x08000d6c    0x4  startup_stm32f446xx.o [1]
  .text              ro code  0x08000d70    0x4  startup_stm32f446xx.o [1]
  .text              ro code  0x08000d74    0x4  startup_stm32f446xx.o [1]
  .text              ro code  0x08000d78    0x4  startup_stm32f446xx.o [1]
  .text              ro code  0x08000d7c    0x4  startup_stm32f446xx.o [1]
  .text              ro code  0x08000d80    0x4  startup_stm32f446xx.o [1]
  .text              ro code  0x08000d84    0x4  startup_stm32f446xx.o [1]
  .text              ro code  0x08000d88    0x4  startup_stm32f446xx.o [1]
  .text              ro code  0x08000d8c    0x4  startup_stm32f446xx.o [1]
  .text              ro code  0x08000d90    0x4  startup_stm32f446xx.o [1]
  .text              ro code  0x08000d94    0x4  startup_stm32f446xx.o [1]
  .text              ro code  0x08000d98    0x4  startup_stm32f446xx.o [1]
  .text              ro code  0x08000d9c    0x4  startup_stm32f446xx.o [1]
  .text              ro code  0x08000da0    0x4  startup_stm32f446xx.o [1]
  .text              ro code  0x08000da4    0x4  startup_stm32f446xx.o [1]
  .text              ro code  0x08000da8    0x4  startup_stm32f446xx.o [1]
  .text              ro code  0x08000dac    0x4  startup_stm32f446xx.o [1]
  .text              ro code  0x08000db0    0x4  startup_stm32f446xx.o [1]
  .text              ro code  0x08000db4    0x4  startup_stm32f446xx.o [1]
  .text              ro code  0x08000db8    0x4  startup_stm32f446xx.o [1]
  .text              ro code  0x08000dbc    0x4  startup_stm32f446xx.o [1]
  .text              ro code  0x08000dc0    0x4  startup_stm32f446xx.o [1]
  .text              ro code  0x08000dc4    0x4  startup_stm32f446xx.o [1]
  .text              ro code  0x08000dc8    0x4  startup_stm32f446xx.o [1]
  .text              ro code  0x08000dcc    0x4  startup_stm32f446xx.o [1]
  .text              ro code  0x08000dd0    0x4  startup_stm32f446xx.o [1]
  .text              ro code  0x08000dd4    0x4  startup_stm32f446xx.o [1]
  .text              ro code  0x08000dd8    0x4  startup_stm32f446xx.o [1]
  .text              ro code  0x08000ddc    0x4  startup_stm32f446xx.o [1]
  .text              ro code  0x08000de0    0x4  startup_stm32f446xx.o [1]
  .text              ro code  0x08000de4    0x4  startup_stm32f446xx.o [1]
  .text              ro code  0x08000de8    0x4  startup_stm32f446xx.o [1]
  .text              ro code  0x08000dec    0x4  startup_stm32f446xx.o [1]
  .text              ro code  0x08000df0    0x4  startup_stm32f446xx.o [1]
  .text              ro code  0x08000df4    0x4  startup_stm32f446xx.o [1]
  .text              ro code  0x08000df8    0x4  startup_stm32f446xx.o [1]
  .text              ro code  0x08000dfc    0x4  startup_stm32f446xx.o [1]
  .text              ro code  0x08000e00    0x4  startup_stm32f446xx.o [1]
  .rodata            const    0x08000e04    0x0  packbits_init_single.o [5]
  Initializer bytes  const    0x08000e04    0x6  <for P2-1>
                            - 0x08000e0a  0xc46

"P2", part 1 of 2:                         0x3c
  P2-1                        0x20000000   0x3c  <Init block>
    .data            inited   0x20000000    0x4  system_stm32f4xx.o [1]
    .bss             inited   0x20000004   0x38  stm32f4xx_it.o [1]
                            - 0x2000003c   0x3c

"P2", part 2 of 2:                        0x400
  CSTACK                      0x20000040  0x400  <Block>
    CSTACK           uninit   0x20000040  0x400  <Block tail>
                            - 0x20000440  0x400


*******************************************************************************
*** INIT TABLE
***

          Address     Size
          -------     ----
Copy/packbits (__iar_packbits_init_single3)
    1 source range, total size 0x6 (10% of destination):
          0x08000e04   0x6
    1 destination range, total size 0x3c:
          0x20000000  0x3c



*******************************************************************************
*** MODULE SUMMARY
***

    Module                  ro code  ro data  rw data
    ------                  -------  -------  -------
C:\Users\KOKUBO\Documents\STM32\Logging_Tach\EWARM\Logging_Tach\Obj: [1]
    main.o                    1 150
    startup_stm32f446xx.o       796
    stm32f4xx_it.o              208        6       56
    stm32f4xx_ll_exti.o         168
    stm32f4xx_ll_gpio.o         234
    stm32f4xx_ll_rcc.o          200
    stm32f4xx_ll_tim.o          196
    stm32f4xx_ll_usart.o        260
    stm32f4xx_ll_utils.o         40
    system_stm32f4xx.o           96        8        4
    -------------------------------------------------
    Total:                    3 348       14       60

command line: [2]
    -------------------------------------------------
    Total:

dl7M_tln.a: [3]
    exit.o                        4
    low_level_init.o              4
    -------------------------------------------------
    Total:                        8

m7M_tls.a: [4]
    fpinit_M.o                   34
    -------------------------------------------------
    Total:                       34

rt7M_tl.a: [5]
    cexit.o                      10
    cmain.o                      26
    cstartup_M.o                 12
    data_init.o                  40
    packbits_init_single.o       56
    -------------------------------------------------
    Total:                      144

shb_l.a: [6]
    exit.o                       20
    -------------------------------------------------
    Total:                       20

    Gaps                          8        2
    Linker created                        16    1 024
-----------------------------------------------------
    Grand Total:              3 562       32    1 084


*******************************************************************************
*** ENTRY LIST
***

Entry                      Address  Size  Type      Object
-----                      -------  ----  ----      ------
.iar.init_table$$Base   0x08000c44         --   Gb  - Linker created -
.iar.init_table$$Limit  0x08000c54         --   Gb  - Linker created -
?main                   0x08000c55        Code  Gb  cmain.o [5]
AHBPrescTable           0x08000bb0  0x10  Data  Gb  system_stm32f4xx.o [1]
APBPrescTable           0x08000cb4   0x8  Data  Gb  system_stm32f4xx.o [1]
BusFault_Handler        0x08000aa9   0x2  Code  Gb  stm32f4xx_it.o [1]
CSTACK$$Base            0x20000040         --   Gb  - Linker created -
CSTACK$$Limit           0x20000440         --   Gb  - Linker created -
DebugMon_Handler        0x08000aaf   0x2  Code  Gb  stm32f4xx_it.o [1]
EXTI0_IRQHandler        0x08000ab5  0x24  Code  Gb  stm32f4xx_it.o [1]
EXTI15_10_IRQHandler    0x08000add  0x16  Code  Gb  stm32f4xx_it.o [1]
HardFault_Handler       0x08000aa5   0x2  Code  Gb  stm32f4xx_it.o [1]
LL_AHB1_GRP1_EnableClock
                        0x08000229   0x6  Code  Lc  main.o [1]
LL_APB1_GRP1_EnableClock
                        0x0800022f   0x4  Code  Lc  main.o [1]
LL_EXTI_Init            0x08000921  0xa4  Code  Gb  stm32f4xx_ll_exti.o [1]
LL_EXTI_IsActiveFlag_0_31
                        0x08000a91  0x12  Code  Lc  stm32f4xx_it.o [1]
LL_GPIO_Init            0x08000645  0x9a  Code  Gb  stm32f4xx_ll_gpio.o [1]
LL_GPIO_SetPinMode      0x08000269  0x10  Code  Lc  main.o [1]
LL_GPIO_SetPinPull      0x08000279  0x10  Code  Lc  main.o [1]
LL_Init                 0x08000389  0x92  Code  Lc  main.o [1]
LL_Init1msTick          0x080008f9  0x18  Code  Gb  stm32f4xx_ll_utils.o [1]
LL_RCC_GetSystemClocksFreq
                        0x080009c9  0x20  Code  Gb  stm32f4xx_ll_rcc.o [1]
LL_SYSCFG_SetEXTISource
                        0x08000247  0x22  Code  Lc  main.o [1]
LL_SetSystemCoreClock   0x08000911   0x6  Code  Gb  stm32f4xx_ll_utils.o [1]
LL_TIM_Init             0x08000835  0x96  Code  Gb  stm32f4xx_ll_tim.o [1]
LL_USART_Init           0x0800078f  0x88  Code  Gb  stm32f4xx_ll_usart.o [1]
LL_USART_SetBaudRate    0x08000731  0x4e  Code  Lc  stm32f4xx_ll_usart.o [1]
MX_GPIO_Init            0x0800051d  0xba  Code  Lc  main.o [1]
MemManage_Handler       0x08000aa7   0x2  Code  Gb  stm32f4xx_it.o [1]
NMI_Handler             0x08000aa3   0x2  Code  Gb  stm32f4xx_it.o [1]
NVIC_EnableIRQ          0x080001c5  0x14  Code  Lc  main.o [1]
NVIC_EncodePriority     0x080001f7  0x32  Code  Lc  main.o [1]
NVIC_SetPriority        0x080001d9  0x1e  Code  Lc  main.o [1]
PendSV_Handler          0x08000ab1   0x2  Code  Gb  stm32f4xx_it.o [1]
RCC_GetHCLKClockFreq    0x08000a0d   0xc  Code  Gb  stm32f4xx_ll_rcc.o [1]
RCC_GetPCLK1ClockFreq   0x08000a19   0xa  Code  Gb  stm32f4xx_ll_rcc.o [1]
RCC_GetPCLK2ClockFreq   0x08000a29   0xc  Code  Gb  stm32f4xx_ll_rcc.o [1]
RCC_GetSystemClockFreq  0x080009e9  0x1c  Code  Gb  stm32f4xx_ll_rcc.o [1]
RCC_PLL_GetFreqDomain_SYS
                        0x08000a35  0x3c  Code  Gb  stm32f4xx_ll_rcc.o [1]
Region$$Table$$Base     0x08000c44         --   Gb  - Linker created -
Region$$Table$$Limit    0x08000c54         --   Gb  - Linker created -
SVC_Handler             0x08000aad   0x2  Code  Gb  stm32f4xx_it.o [1]
SysTick_Handler         0x08000ab3   0x2  Code  Gb  stm32f4xx_it.o [1]
SystemClock_Config      0x08000427  0xe6  Code  Gb  main.o [1]
SystemCoreClock         0x20000000   0x4  Data  Gb  system_stm32f4xx.o [1]
SystemInit              0x08000b61  0x3a  Code  Gb  system_stm32f4xx.o [1]
TIM6_DAC_IRQHandler     0x08000af3  0x5e  Code  Gb  stm32f4xx_it.o [1]
Tach_TimeBuf            0x20000004  0x28  Data  Gb  stm32f4xx_it.o [1]
Tach_TimeBuf_Ave        0x2000002c   0x4  Data  Gb  stm32f4xx_it.o [1]
Tach_TimeBuf_AveCnt     0x20000030   0x4  Data  Gb  stm32f4xx_it.o [1]
Tach_TimeTick           0x20000034   0x4  Data  Gb  stm32f4xx_it.o [1]
Tach_Value              0x20000038   0x4  Data  Gb  stm32f4xx_it.o [1]
USART2_IRQHandler       0x08000ad9   0x4  Code  Gb  stm32f4xx_it.o [1]
UsageFault_Handler      0x08000aab   0x2  Code  Gb  stm32f4xx_it.o [1]
__cmain                 0x08000c55        Code  Gb  cmain.o [5]
__exit                  0x08000c85  0x14  Code  Gb  exit.o [6]
__iar_data_init3        0x08000bf9  0x28  Code  Gb  data_init.o [5]
__iar_init_vfp          0x08000c21        Code  Gb  fpinit_M.o [4]
__iar_packbits_init_single3
                        0x08000bc1  0x38  Code  Gb  packbits_init_single.o [5]
__iar_program_start     0x08000ca9        Code  Gb  cstartup_M.o [5]
__low_level_init        0x08000c6f   0x4  Code  Gb  low_level_init.o [3]
__vector_table          0x08000000        Data  Gb  startup_stm32f446xx.o [1]
_call_main              0x08000c61        Code  Gb  cmain.o [5]
_exit                   0x08000c79        Code  Gb  cexit.o [5]
_main                   0x08000c6b        Code  Gb  cmain.o [5]
exit                    0x08000c73   0x4  Code  Gb  exit.o [3]
main                    0x080002ad  0xdc  Code  Gb  main.o [1]


[1] = C:\Users\KOKUBO\Documents\STM32\Logging_Tach\EWARM\Logging_Tach\Obj
[2] = command line
[3] = dl7M_tln.a
[4] = m7M_tls.a
[5] = rt7M_tl.a
[6] = shb_l.a

  3 562 bytes of readonly  code memory
     32 bytes of readonly  data memory
  1 084 bytes of readwrite data memory

Errors: none
Warnings: none
